// Jest Snapshot v1, https://goo.gl/fbAQLP

exports[`App App renders nested components 1`] = `ShallowWrapper {}`;

exports[`App should match snapshot 1`] = `ShallowWrapper {}`;
